Command: vcs -full64 -sverilog -f flist.f -debug_access+all -l compile.log
                         Chronologic VCS (TM)
       Version T-2022.06-SP2_Full64 -- Wed Jun 17 16:43:08 2026

                    Copyright (c) 1991 - 2022 Synopsys, Inc.
   This software and the associated documentation are proprietary to Synopsys,
 Inc. This software may only be used in accordance with the terms and conditions
 of a written license agreement with Synopsys, Inc. All other use, reproduction,
   or distribution of this software is strictly prohibited.  Licensed Products
     communicate with Synopsys servers for the purpose of providing software
    updates, detecting software piracy and verifying that customers are using
    Licensed Products in conformity with the applicable License Key for such
  Licensed Products. Synopsys will use information gathered in connection with
    this process to deliver software updates and pursue software pirates and
                                   infringers.

 Inclusivity & Diversity - Visit SolvNetPlus to read the "Synopsys Statement on
            Inclusivity and Diversity" (Refer to article 000036315 at
                        https://solvnetplus.synopsys.com)

Parsing design file 'tb/bird_if.sv'
Parsing design file 'tb/bird_pkg.sv'
Parsing included file 'tb/bird_transaction.sv'.
Back to file 'tb/bird_pkg.sv'.
Parsing included file 'tb/bird_driver.sv'.
Back to file 'tb/bird_pkg.sv'.
Parsing included file 'tb/bird_monitor.sv'.
Back to file 'tb/bird_pkg.sv'.
Parsing included file 'tb/bird_scoreboard.sv'.
Back to file 'tb/bird_pkg.sv'.
Parsing included file 'tb/bird_coverage.sv'.
Back to file 'tb/bird_pkg.sv'.
Parsing included file 'tb/bird_agent.sv'.
Back to file 'tb/bird_pkg.sv'.
Parsing included file 'tb/bird_env.sv'.
Back to file 'tb/bird_pkg.sv'.
Parsing included file 'seq/bird_local_seq.sv'.
Back to file 'tb/bird_pkg.sv'.
Parsing included file 'seq/bird_remote_seq.sv'.
Back to file 'tb/bird_pkg.sv'.
Parsing included file 'seq/bird_invalid_seq.sv'.
Back to file 'tb/bird_pkg.sv'.
Parsing included file 'seq/bird_backpressure_seq.sv'.
Back to file 'tb/bird_pkg.sv'.
Parsing included file 'seq/bird_reset_seq.sv'.
Back to file 'tb/bird_pkg.sv'.
Parsing included file 'tests/bird_smoke_test.sv'.
Back to file 'tb/bird_pkg.sv'.
Parsing included file 'tests/bird_local_test.sv'.
Back to file 'tb/bird_pkg.sv'.
Parsing included file 'tests/bird_remote_test.sv'.
Back to file 'tb/bird_pkg.sv'.
Parsing included file 'tests/bird_invalid_drop_test.sv'.
Back to file 'tb/bird_pkg.sv'.
Parsing included file 'tests/bird_backpressure_test.sv'.
Back to file 'tb/bird_pkg.sv'.
Parsing included file 'tests/bird_reset_test.sv'.
Back to file 'tb/bird_pkg.sv'.
Parsing design file 'design/bird.sv'
Parsing design file 'tb/bird_tb_top.sv'
Top Level Modules:
       bird_tb_top
TimeScale is 1 ns / 1 ps
Starting vcs inline pass...

5 modules and 0 UDP read.
recompiling package bird_pkg
recompiling module bird
recompiling module bird_tb_top
3 of 5 modules done
	However, due to incremental compilation, only 3 modules need to be compiled. 
rm -f _cuarc*.so _csrc*.so pre_vcsobj_*.so share_vcsobj_*.so
if [ -x ../simv ]; then chmod a-x ../simv; fi
g++  -o ../simv      -rdynamic  -Wl,-rpath='$ORIGIN'/simv.daidir -Wl,-rpath=./simv.daidir \
-Wl,-rpath=/usr/synopsys/vcs/T-2022.06-SP2/linux64/lib -L/usr/synopsys/vcs/T-2022.06-SP2/linux64/lib \
-Wl,-rpath-link=./  /usr/lib64/libnuma.so.1   objs/amcQw_d.o   _14197_archive_1.so \
_prev_archive_1.so  SIM_l.o      rmapats_mop.o rmapats.o rmar.o rmar_nd.o  rmar_llvm_0_1.o \
rmar_llvm_0_0.o            -lvirsim -lerrorinf -lsnpsmalloc -lvfs    -lvcsnew -lsimprofile \
-luclinative /usr/synopsys/vcs/T-2022.06-SP2/linux64/lib/vcs_tls.o   -Wl,-whole-archive \
-lvcsucli    -Wl,-no-whole-archive        _vcs_pli_stub_.o   /usr/synopsys/vcs/T-2022.06-SP2/linux64/lib/vcs_save_restore_new.o \
/usr/synopsys/verdi/T-2022.06-SP2/share/PLI/VCS/LINUX64/pli.a -ldl  -lc -lm -lpthread \
-ldl 
../simv up to date
CPU time: .877 seconds to compile + .455 seconds to elab + .403 seconds to link
